davidkensick@mac ~ % cd /Users/davidkensick/Downloads/Edge-Hockey\ 4 
davidkensick@mac Edge-Hockey 4 % npm install
npm warn deprecated @esbuild-kit/esm-loader@2.6.5: Merged into tsx: https://tsx.is
npm warn deprecated @esbuild-kit/core-utils@3.3.2: Merged into tsx: https://tsx.is

added 528 packages, and audited 529 packages in 3s

51 packages are looking for funding
  run `npm fund` for details

9 vulnerabilities (2 low, 4 moderate, 3 high)

To address issues that do not require attention, run:
  npm audit fix

To address all issues (including breaking changes), run:
  npm audit fix --force

Run `npm audit` for details.
npm notice
npm notice New minor version of npm available! 11.6.2 -> 11.7.0
npm notice Changelog: https://github.com/npm/cli/releases/tag/v11.7.0
npm notice To update run: npm install -g npm@11.7.0
npm notice
davidkensick@mac Edge-Hockey 4 % npm run build

> rest-express@1.0.0 build
> tsx script/build.ts

building client...
vite v7.1.12 building for production...
‚úì 2592 modules transformed.
rendering chunks (1)...[meta-images] no Replit deployment domain found, skipping meta tag updates
../dist/public/index.html                                                  1.48 kB ‚îÇ gzip:   0.58 kB
../dist/public/assets/hockey_stick_and_puck_on_ice-B5C7XONf.png        1,417.83 kB
../dist/public/assets/healthy_meal_prep_food-Dnv7xfou.png              1,474.18 kB
../dist/public/assets/athletic_gym_training_equipment-BORZNWRP.png     1,599.09 kB
../dist/public/assets/cinematic_hockey_arena_ice_surface-rVH5uEn3.png  1,820.09 kB
../dist/public/assets/index-2Sxo0x1h.css                                 134.43 kB ‚îÇ gzip:  19.90 kB
../dist/public/assets/index-DJ4vD-4h.js                                  692.20 kB ‚îÇ gzip: 200.33 kB

(!) Some chunks are larger than 500 kB after minification. Consider:
- Using dynamic import() to code-split the application
- Use build.rollupOptions.output.manualChunks to improve chunking: https://rollupjs.org/configuration-options/#output-manualchunks
- Adjust chunk size limit for this warning via build.chunkSizeWarningLimit.
‚úì built in 1.28s
building server...

  dist/index.cjs  1.2mb ‚ö†Ô∏è

‚ö° Done in 54ms
davidkensick@mac Edge-Hockey 4 % npx cap sync ios
‚úî Copying web assets from public to ios/App/App/public in 7.17ms
‚úî Creating capacitor.config.json in ios/App/App in 282.04Œºs
‚úî copy ios in 33.40ms
‚úî Updating iOS plugins in 4.38ms
[warn] Skipping pod install because CocoaPods is not installed
‚úî Updating iOS native dependencies with pod install in 964.61ms
‚úî update ios in 1.01s
[info] Sync finished in 2.022s

Thank you for helping improve Capacitor by sharing anonymous usage data! üíñ
Information about the data we collect is available on our website: https://capacitorjs.com/docs/next/cli/telemetry
davidkensick@mac Edge-Hockey 4 % cs ios/App && pod install
zsh: command not found: cs
davidkensick@mac Edge-Hockey 4 % open App.xcworkspace
The file /Users/davidkensick/Downloads/Edge-Hockey 4/App.xcworkspace does not exist.
davidkensick@mac Edge-Hockey 4 % 
